2026-09-08 15:41:27.661: [INFO] CurrentProfilePath: C:\Users\511026006\git\Montasr-Mohamed\.metadata\.plugins\org.eclipse.swt\EBWebView\Default
2026-09-08 15:41:27.661: [INFO] Profiles total count: 1
2026-09-08 15:41:27.661: [INFO] Profile: name=Profile 1 path=C:\Users\511026006\git\Montasr-Mohamed\.metadata\.plugins\org.eclipse.swt\EBWebView\Default lastActive=null
2026-09-08 15:41:27.661: [INFO] LastUsedProfileDir: C:\Users\511026006\git\Montasr-Mohamed\.metadata\.plugins\org.eclipse.swt\EBWebView\Default
2026-09-08 15:41:27.661: [INFO] OnDoneLoading sync enabled: 0
2026-09-08 15:41:27.661: [INFO] BookmarkModelLoaded, ids_reassigned: 0
2026-09-08 15:41:27.661: [INFO] BookmarksLoadDropped droppedNodes=0
2026-09-08 15:41:27.661: [INFO] BookmarksSnapshot Startup total=0 bar=0 other=0 mobile=0 showBar=0 showBarNTP=1
2026-09-08 15:41:32.203: [INFO] BookmarksSnapshot Shutdown total=0 bar=0 other=0 mobile=0 showBar=0 showBarNTP=1
2026-09-09 16:44:23.010: [INFO] CurrentProfilePath: C:\Users\511026006\git\Montasr-Mohamed\.metadata\.plugins\org.eclipse.swt\EBWebView\Default
2026-09-09 16:44:23.010: [INFO] Profiles total count: 1
2026-09-09 16:44:23.010: [INFO] Profile: name=Profile 1 path=C:\Users\511026006\git\Montasr-Mohamed\.metadata\.plugins\org.eclipse.swt\EBWebView\Default lastActive=2026-09-08T15:42:45.358Z
2026-09-09 16:44:23.010: [INFO] LastUsedProfileDir: C:\Users\511026006\git\Montasr-Mohamed\.metadata\.plugins\org.eclipse.swt\EBWebView\Default
2026-09-09 16:44:23.010: [INFO] MostRecentlyActiveProfile: name=Profile 1 path=C:\Users\511026006\git\Montasr-Mohamed\.metadata\.plugins\org.eclipse.swt\EBWebView\Default lastActive=2026-09-08T15:42:45.358Z
2026-09-09 16:44:23.010: [INFO] OnDoneLoading sync enabled: 0
2026-09-09 16:44:23.010: [INFO] BookmarkModelLoaded, ids_reassigned: 0
2026-09-09 16:44:23.010: [INFO] BookmarksLoadDropped droppedNodes=0
2026-09-09 16:44:23.010: [INFO] BookmarksSnapshot Startup total=0 bar=0 other=0 mobile=0 showBar=0 showBarNTP=1
2026-09-09 16:51:46.084: [INFO] BookmarksSnapshot Shutdown total=0 bar=0 other=0 mobile=0 showBar=0 showBarNTP=1
2026-09-11 16:22:16.702: [INFO] CurrentProfilePath: C:\Users\511026006\git\CS20\.metadata\.plugins\org.eclipse.swt\EBWebView\Default
2026-09-11 16:22:16.702: [INFO] Profiles total count: 1
2026-09-11 16:22:16.702: [INFO] Profile: name=Profile 1 path=C:\Users\511026006\git\CS20\.metadata\.plugins\org.eclipse.swt\EBWebView\Default lastActive=2026-09-09T16:44:30.322Z
2026-09-11 16:22:16.702: [INFO] LastUsedProfileDir: C:\Users\511026006\git\CS20\.metadata\.plugins\org.eclipse.swt\EBWebView\Default
2026-09-11 16:22:16.702: [INFO] MostRecentlyActiveProfile: name=Profile 1 path=C:\Users\511026006\git\CS20\.metadata\.plugins\org.eclipse.swt\EBWebView\Default lastActive=2026-09-09T16:44:30.322Z
2026-09-11 16:22:16.702: [INFO] OnDoneLoading sync enabled: 0
2026-09-11 16:22:16.702: [INFO] BookmarkModelLoaded, ids_reassigned: 0
2026-09-11 16:22:16.702: [INFO] BookmarksLoadDropped droppedNodes=0
2026-09-11 16:22:16.702: [INFO] BookmarksSnapshot Startup total=0 bar=0 other=0 mobile=0 showBar=0 showBarNTP=1
2026-09-14 17:19:34.587: [INFO] CurrentProfilePath: C:\Users\511026006\git\CS20\.metadata\.plugins\org.eclipse.swt\EBWebView\Default
2026-09-14 17:19:34.587: [INFO] Profiles total count: 1
2026-09-14 17:19:34.587: [INFO] Profile: name=Profile 1 path=C:\Users\511026006\git\CS20\.metadata\.plugins\org.eclipse.swt\EBWebView\Default lastActive=2026-09-09T16:44:30.322Z
2026-09-14 17:19:34.587: [INFO] LastUsedProfileDir: C:\Users\511026006\git\CS20\.metadata\.plugins\org.eclipse.swt\EBWebView\Default
2026-09-14 17:19:34.587: [INFO] MostRecentlyActiveProfile: name=Profile 1 path=C:\Users\511026006\git\CS20\.metadata\.plugins\org.eclipse.swt\EBWebView\Default lastActive=2026-09-09T16:44:30.322Z
2026-09-14 17:19:34.587: [INFO] OnDoneLoading sync enabled: 0
2026-09-14 17:19:34.587: [INFO] BookmarkModelLoaded, ids_reassigned: 0
2026-09-14 17:19:34.587: [INFO] BookmarksLoadDropped droppedNodes=0
2026-09-14 17:19:34.587: [INFO] BookmarksSnapshot Startup total=0 bar=0 other=0 mobile=0 showBar=0 showBarNTP=1
2026-09-14 17:39:44.143: [INFO] BookmarksSnapshot Shutdown total=0 bar=0 other=0 mobile=0 showBar=0 showBarNTP=1
